[
  {
    "@timestamp": "2016-12-07 02:16:32.414 +0000 UTC",
    "auid": "unset",
    "exe": "/usr/sbin/groupadd",
    "id": "1000",
    "op": "add-group",
    "pid": "1235",
    "raw_msg": "audit(1481076992.414:385): pid=1235 uid=0 auid=4294967295 ses=4294967295 subj=system_u:system_r:unconfined_service_t:s0 msg='op=add-group id=1000 exe=\"/usr/sbin/groupadd\" hostname=? addr=? terminal=? res=success'",
    "record_type": "ADD_GROUP",
    "result": "success",
    "sequence": "385",
    "ses": "unset",
    "subj_domain": "unconfined_service_t",
    "subj_level": "s0",
    "subj_role": "system_r",
    "subj_user": "system_u",
    "uid": "0"
  },
  {
    "@timestamp": "2016-12-07 02:16:32.488 +0000 UTC",
    "auid": "unset",
    "exe": "/usr/sbin/useradd",
    "id": "1000",
    "op": "add-user",
    "pid": "1264",
    "raw_msg": "audit(1481076992.488:389): pid=1264 uid=0 auid=4294967295 ses=4294967295 subj=system_u:system_r:unconfined_service_t:s0 msg='op=add-user id=1000 exe=\"/usr/sbin/useradd\" hostname=? addr=? terminal=? res=success'",
    "record_type": "ADD_USER",
    "result": "success",
    "sequence": "389",
    "ses": "unset",
    "subj_domain": "unconfined_service_t",
    "subj_level": "s0",
    "subj_role": "system_r",
    "subj_user": "system_u",
    "uid": "0"
  },
  {
    "@timestamp": "2016-12-07 02:21:48.36 +0000 UTC",
    "fe": "0",
    "fi": "0000000000000000",
    "fp": "0000000000000000",
    "fver": "0",
    "new_pe": "0000001fffffffff",
    "new_pi": "0000000000000000",
    "new_pp": "0000001fffffffff",
    "old_pe": "0000000000000000",
    "old_pi": "0000000000000000",
    "old_pp": "0000000000000000",
    "raw_msg": "audit(1481077308.360:529): fver=0 fp=0000000000000000 fi=0000000000000000 fe=0 old_pp=0000000000000000 old_pi=0000000000000000 old_pe=0000000000000000 new_pp=0000001fffffffff new_pi=0000000000000000 new_pe=0000001fffffffff",
    "record_type": "BPRM_FCAPS",
    "sequence": "529"
  },
  {
    "@timestamp": "2016-12-07 02:20:31.371 +0000 UTC",
    "auid": "1000",
    "list": "4",
    "op": "add_rule",
    "raw_msg": "audit(1481077231.371:478): auid=1000 ses=3 subj=unconfined_u:unconfined_r:unconfined_t:s0-s0:c0.c1023 op=\"add_rule\" key=(null) list=4 res=1",
    "record_type": "CONFIG_CHANGE",
    "result": "success",
    "sequence": "478",
    "ses": "3",
    "subj_category": "c0.c1023",
    "subj_domain": "unconfined_t",
    "subj_level": "s0-s0",
    "subj_role": "unconfined_r",
    "subj_user": "unconfined_u"
  },
  {
    "@timestamp": "2016-12-07 02:17:23.057 +0000 UTC",
    "acct": "andrew_kroh",
    "addr": "96.241.146.97",
    "auid": "unset",
    "exe": "/usr/sbin/sshd",
    "grantors": "pam_env,pam_unix",
    "hostname": "pool-96-241-146-97.washdc.fios.verizon.net",
    "op": "PAM:setcred",
    "pid": "1298",
    "raw_msg": "audit(1481077043.057:413): pid=1298 uid=0 auid=4294967295 ses=4294967295 subj=system_u:system_r:sshd_t:s0-s0:c0.c1023 msg='op=PAM:setcred grantors=pam_env,pam_unix acct=\"andrew_kroh\" exe=\"/usr/sbin/sshd\" hostname=pool-96-241-146-97.washdc.fios.verizon.net addr=96.241.146.97 terminal=ssh res=success'",
    "record_type": "CRED_ACQ",
    "result": "success",
    "sequence": "413",
    "ses": "unset",
    "subj_category": "c0.c1023",
    "subj_domain": "sshd_t",
    "subj_level": "s0-s0",
    "subj_role": "system_r",
    "subj_user": "system_u",
    "terminal": "ssh",
    "uid": "0"
  },
  {
    "@timestamp": "2016-12-07 02:17:29.058 +0000 UTC",
    "acct": "andrew_kroh",
    "addr": "96.241.146.97",
    "auid": "1000",
    "exe": "/usr/sbin/sshd",
    "grantors": "pam_env,pam_unix",
    "hostname": "pool-96-241-146-97.washdc.fios.verizon.net",
    "op": "PAM:setcred",
    "pid": "1298",
    "raw_msg": "audit(1481077049.058:427): pid=1298 uid=0 auid=1000 ses=1 subj=system_u:system_r:sshd_t:s0-s0:c0.c1023 msg='op=PAM:setcred grantors=pam_env,pam_unix acct=\"andrew_kroh\" exe=\"/usr/sbin/sshd\" hostname=pool-96-241-146-97.washdc.fios.verizon.net addr=96.241.146.97 terminal=ssh res=success'",
    "record_type": "CRED_DISP",
    "result": "success",
    "sequence": "427",
    "ses": "1",
    "subj_category": "c0.c1023",
    "subj_domain": "sshd_t",
    "subj_level": "s0-s0",
    "subj_role": "system_r",
    "subj_user": "system_u",
    "terminal": "ssh",
    "uid": "0"
  },
  {
    "@timestamp": "2017-03-16 05:01:01.198 +0000 UTC",
    "acct": "root",
    "auid": "0",
    "exe": "/usr/sbin/crond",
    "grantors": "pam_env,pam_unix",
    "op": "PAM:setcred",
    "pid": "1402",
    "raw_msg": "audit(1489640461.198:480): pid=1402 uid=0 auid=0 ses=2 subj=system_u:system_r:crond_t:s0-s0:c0.c1023 msg='op=PAM:setcred grantors=pam_env,pam_unix acct=\"root\" exe=\"/usr/sbin/crond\" hostname=? addr=? terminal=cron res=success'",
    "record_type": "CRED_REFR",
    "result": "success",
    "sequence": "480",
    "ses": "2",
    "subj_category": "c0.c1023",
    "subj_domain": "crond_t",
    "subj_level": "s0-s0",
    "subj_role": "system_r",
    "subj_user": "system_u",
    "terminal": "cron",
    "uid": "0"
  },
  {
    "@timestamp": "2016-12-07 02:17:21.497 +0000 UTC",
    "addr": "96.241.146.97",
    "auid": "unset",
    "exe": "/usr/sbin/sshd",
    "fp": "6d:a3:7f:ed:de:4a:79:f2:aa:49:ec:d1:75:36:97:a3",
    "kind": "server",
    "op": "destroy",
    "pid": "1299",
    "raw_msg": "audit(1481077041.497:404): pid=1299 uid=0 auid=4294967295 ses=4294967295 subj=system_u:system_r:sshd_t:s0-s0:c0.c1023 msg='op=destroy kind=server fp=6d:a3:7f:ed:de:4a:79:f2:aa:49:ec:d1:75:36:97:a3 direction=? spid=1299 suid=0  exe=\"/usr/sbin/sshd\" hostname=? addr=96.241.146.97 terminal=? res=success'",
    "record_type": "CRYPTO_KEY_USER",
    "result": "success",
    "sequence": "404",
    "ses": "unset",
    "spid": "1299",
    "subj_category": "c0.c1023",
    "subj_domain": "sshd_t",
    "subj_level": "s0-s0",
    "subj_role": "system_r",
    "subj_user": "system_u",
    "suid": "0",
    "uid": "0"
  },
  {
    "@timestamp": "2016-12-07 02:17:21.515 +0000 UTC",
    "addr": "96.241.146.97",
    "auid": "unset",
    "cipher": "chacha20-poly1305@openssh.com",
    "direction": "from-server",
    "exe": "/usr/sbin/sshd",
    "ksize": "512",
    "laddr": "10.142.0.2",
    "lport": "22",
    "op": "start",
    "pfs": "curve25519-sha256@libssh.org",
    "pid": "1298",
    "raw_msg": "audit(1481077041.515:406): pid=1298 uid=0 auid=4294967295 ses=4294967295 subj=system_u:system_r:sshd_t:s0-s0:c0.c1023 msg='op=start direction=from-server cipher=chacha20-poly1305@openssh.com ksize=512 mac= pfs=curve25519-sha256@libssh.org spid=1299 suid=74 rport=63927 laddr=10.142.0.2 lport=22  exe=\"/usr/sbin/sshd\" hostname=? addr=96.241.146.97 terminal=? res=success'",
    "record_type": "CRYPTO_SESSION",
    "result": "success",
    "rport": "63927",
    "sequence": "406",
    "ses": "unset",
    "spid": "1299",
    "subj_category": "c0.c1023",
    "subj_domain": "sshd_t",
    "subj_level": "s0-s0",
    "subj_role": "system_r",
    "subj_user": "system_u",
    "suid": "74",
    "uid": "0"
  },
  {
    "@timestamp": "2016-12-07 02:20:31.371 +0000 UTC",
    "cwd": "/home/andrew_kroh",
    "raw_msg": "audit(1481077231.371:479):  cwd=\"/home/andrew_kroh\"",
    "record_type": "CWD",
    "sequence": "479"
  },
  {
    "@timestamp": "2017-03-23 03:30:00.477 +0000 UTC",
    "auid": "0",
    "pid": "1512",
    "raw_msg": "audit(1490239800.477:34) config changed, auid=0 pid=1512 subj=system_u:system_r:unconfined_service_t:s0 res=success",
    "record_type": "DAEMON_CONFIG",
    "result": "success",
    "sequence": "34",
    "subj_domain": "unconfined_service_t",
    "subj_level": "s0",
    "subj_role": "system_r",
    "subj_user": "system_u"
  },
  {
    "@timestamp": "2016-12-07 02:44:57.892 +0000 UTC",
    "raw_msg": "audit(1481078697.892:7799): auditd normal halt, sending auid=? pid=? subj=? res=success",
    "record_type": "DAEMON_END",
    "result": "success",
    "sequence": "7799"
  },
  {
    "@timestamp": "2016-12-07 02:16:23.819 +0000 UTC",
    "auid": "unset",
    "format": "raw",
    "kernel": "3.10.0-327.36.3.el7.x86_64",
    "pid": "251",
    "raw_msg": "audit(1481076983.819:7798): auditd start, ver=2.4.1 format=raw kernel=3.10.0-327.36.3.el7.x86_64 auid=4294967295 pid=251 subj=system_u:system_r:auditd_t:s0 res=success",
    "record_type": "DAEMON_START",
    "result": "success",
    "sequence": "7798",
    "subj_domain": "auditd_t",
    "subj_level": "s0",
    "subj_role": "system_r",
    "subj_user": "system_u",
    "ver": "2.4.1"
  },
  {
    "@timestamp": "2016-12-07 02:20:31.371 +0000 UTC",
    "argc": "7",
    "cmdline": "\"auditctl\" \"-a\" \"exit,always\" \"-F\" \"arch=b32\" \"-S\" \"execve\"",
    "raw_msg": "audit(1481077231.371:479): argc=7 a0=\"auditctl\" a1=\"-a\" a2=\"exit,always\" a3=\"-F\" a4=\"arch=b32\" a5=\"-S\" a6=\"execve\"",
    "record_type": "EXECVE",
    "sequence": "479"
  },
  {
    "@timestamp": "2016-12-07 02:16:32.419 +0000 UTC",
    "auid": "unset",
    "exe": "/usr/sbin/groupadd",
    "id": "1000",
    "op": "add-shadow-group",
    "pid": "1235",
    "raw_msg": "audit(1481076992.419:386): pid=1235 uid=0 auid=4294967295 ses=4294967295 subj=system_u:system_r:unconfined_service_t:s0 msg='op=add-shadow-group id=1000 exe=\"/usr/sbin/groupadd\" hostname=? addr=? terminal=? res=success'",
    "record_type": "GRP_MGMT",
    "result": "success",
    "sequence": "386",
    "ses": "unset",
    "subj_domain": "unconfined_service_t",
    "subj_level": "s0",
    "subj_role": "system_r",
    "subj_user": "system_u",
    "uid": "0"
  },
  {
    "@timestamp": "2016-12-07 02:17:23.057 +0000 UTC",
    "auid": "1000",
    "old-auid": "4294967295",
    "old-ses": "4294967295",
    "pid": "1298",
    "raw_msg": "audit(1481077043.057:414): pid=1298 uid=0 subj=system_u:system_r:sshd_t:s0-s0:c0.c1023 old-auid=4294967295 auid=1000 old-ses=4294967295 ses=1 res=1",
    "record_type": "LOGIN",
    "result": "success",
    "sequence": "414",
    "ses": "1",
    "subj_category": "c0.c1023",
    "subj_domain": "sshd_t",
    "subj_level": "s0-s0",
    "subj_role": "system_r",
    "subj_user": "system_u",
    "uid": "0"
  },
  {
    "@timestamp": "2016-12-07 02:16:24.827 +0000 UTC",
    "entries": "0",
    "family": "2",
    "raw_msg": "audit(1481076984.827:17): table=filter family=2 entries=0",
    "record_type": "NETFILTER_CFG",
    "sequence": "17",
    "table": "filter"
  },
  {
    "@timestamp": "2016-12-07 02:20:31.371 +0000 UTC",
    "dev": "08:01",
    "inode": "17367907",
    "item": "0",
    "mode": "0100750",
    "name": "/sbin/auditctl",
    "obj_domain": "auditctl_exec_t",
    "obj_level": "s0",
    "obj_role": "object_r",
    "obj_user": "system_u",
    "objtype": "NORMAL",
    "ogid": "0",
    "ouid": "0",
    "raw_msg": "audit(1481077231.371:479): item=0 name=\"/sbin/auditctl\" inode=17367907 dev=08:01 mode=0100750 ouid=0 ogid=0 rdev=00:00 obj=system_u:object_r:auditctl_exec_t:s0 objtype=NORMAL",
    "rdev": "00:00",
    "record_type": "PATH",
    "sequence": "479"
  },
  {
    "@timestamp": "2016-12-07 02:16:23.864 +0000 UTC",
    "auid": "unset",
    "comm": "systemd",
    "exe": "/usr/lib/systemd/systemd",
    "pid": "1",
    "raw_msg": "audit(1481076983.864:6): pid=1 uid=0 auid=4294967295 ses=4294967295 subj=system_u:system_r:init_t:s0 msg='unit=auditd comm=\"systemd\" exe=\"/usr/lib/systemd/systemd\" hostname=? addr=? terminal=? res=success'",
    "record_type": "SERVICE_START",
    "result": "success",
    "sequence": "6",
    "ses": "unset",
    "subj_domain": "init_t",
    "subj_level": "s0",
    "subj_role": "system_r",
    "subj_user": "system_u",
    "uid": "0",
    "unit": "auditd"
  },
  {
    "@timestamp": "2016-12-07 02:16:24.534 +0000 UTC",
    "auid": "unset",
    "comm": "systemd",
    "exe": "/usr/lib/systemd/systemd",
    "pid": "1",
    "raw_msg": "audit(1481076984.534:16): pid=1 uid=0 auid=4294967295 ses=4294967295 subj=system_u:system_r:init_t:s0 msg='unit=irqbalance comm=\"systemd\" exe=\"/usr/lib/systemd/systemd\" hostname=? addr=? terminal=? res=success'",
    "record_type": "SERVICE_STOP",
    "result": "success",
    "sequence": "16",
    "ses": "unset",
    "subj_domain": "init_t",
    "subj_level": "s0",
    "subj_role": "system_r",
    "subj_user": "system_u",
    "uid": "0",
    "unit": "irqbalance"
  },
  {
    "@timestamp": "2016-12-07 02:40:24.953 +0000 UTC",
    "addr": "169.254.169.254",
    "family": "ipv4",
    "port": "80",
    "raw_msg": "audit(1481078424.953:688): saddr=02000050A9FEA9FE0000000000000000",
    "record_type": "SOCKADDR",
    "sequence": "688"
  },
  {
    "@timestamp": "2017-03-29 19:48:44.99 +0000 UTC",
    "family": "netlink",
    "raw_msg": "audit(1490816924.990:517643): saddr=100000000000000000000000",
    "record_type": "SOCKADDR",
    "saddr": "100000000000000000000000",
    "sequence": "517643"
  },
  {
    "@timestamp": "2017-03-29 19:48:44.99 +0000 UTC",
    "addr": "::",
    "family": "ipv6",
    "port": "22",
    "raw_msg": "audit(1490816924.990:517644): saddr=0A000016000000000000000000000000000000000000000000000000",
    "record_type": "SOCKADDR",
    "sequence": "517644"
  },
  {
    "@timestamp": "2017-03-29 19:48:44.99 +0000 UTC",
    "family": "0",
    "raw_msg": "audit(1490816924.990:517645): saddr=00000000000000000000000000000000",
    "record_type": "SOCKADDR",
    "saddr": "00000000000000000000000000000000",
    "sequence": "517645"
  },
  {
    "@timestamp": "2017-03-29 19:48:44.99 +0000 UTC",
    "family": "unix",
    "path": "/var/run/nscd/socket",
    "raw_msg": "audit(1490816924.990:517647): saddr=01002F7661722F72756E2F6E7363642F736F636B65740000603B7B47FC7F0000303C7B47FC7F0000020000000000000014000000160001030800000000000000C03B7B47FC7F0000103B7B47FC7F00002000000000000000303C7B47FC7F0000C0FB39861C7F0000787F2F861C7F",
    "record_type": "SOCKADDR",
    "sequence": "517647"
  },
  {
    "@timestamp": "2016-12-07 02:16:24.827 +0000 UTC",
    "a0": "0",
    "a1": "41a15c",
    "a2": "0",
    "a3": "0",
    "arch": "x86_64",
    "auid": "unset",
    "comm": "modprobe",
    "egid": "0",
    "euid": "0",
    "exe": "/usr/bin/kmod",
    "exit": "0",
    "fsgid": "0",
    "fsuid": "0",
    "gid": "0",
    "items": "0",
    "pid": "391",
    "ppid": "390",
    "raw_msg": "audit(1481076984.827:17): arch=c000003e syscall=313 success=yes exit=0 a0=0 a1=41a15c a2=0 a3=0 items=0 ppid=390 pid=391 auid=4294967295 uid=0 gid=0 euid=0 suid=0 fsuid=0 egid=0 sgid=0 fsgid=0 tty=(none) ses=4294967295 comm=\"modprobe\" exe=\"/usr/bin/kmod\" subj=system_u:system_r:insmod_t:s0 key=(null)",
    "record_type": "SYSCALL",
    "result": "success",
    "sequence": "17",
    "ses": "unset",
    "sgid": "0",
    "subj_domain": "insmod_t",
    "subj_level": "s0",
    "subj_role": "system_r",
    "subj_user": "system_u",
    "suid": "0",
    "syscall": "finit_module",
    "tty": "(none)",
    "uid": "0"
  },
  {
    "@timestamp": "2017-03-29 15:30:06.273 +0000 UTC",
    "a0": "6",
    "a1": "7ffeb50e4570",
    "a2": "10",
    "a3": "fe",
    "arch": "x86_64",
    "auid": "unset",
    "comm": "google_ip_forwa",
    "egid": "0",
    "euid": "0",
    "exe": "/usr/bin/python2.7;58d1ccfb (deleted)",
    "exit": "-115",
    "fsgid": "0",
    "fsuid": "0",
    "gid": "0",
    "items": "0",
    "pid": "1170",
    "ppid": "1",
    "raw_msg": "audit(1490801406.273:512226): arch=c000003e syscall=42 success=no exit=-115 a0=6 a1=7ffeb50e4570 a2=10 a3=fe items=0 ppid=1 pid=1170 auid=4294967295 uid=0 gid=0 euid=0 suid=0 fsuid=0 egid=0 sgid=0 fsgid=0 tty=(none) ses=4294967295 comm=\"google_ip_forwa\" exe=2F7573722F62696E2F707974686F6E322E373B3538643163636662202864656C6574656429 subj=system_u:system_r:unconfined_service_t:s0 key=(null)",
    "record_type": "SYSCALL",
    "result": "fail",
    "sequence": "512226",
    "ses": "unset",
    "sgid": "0",
    "subj_domain": "unconfined_service_t",
    "subj_level": "s0",
    "subj_role": "system_r",
    "subj_user": "system_u",
    "suid": "0",
    "syscall": "connect",
    "tty": "(none)",
    "uid": "0"
  },
  {
    "@timestamp": "2016-12-07 02:16:23.876 +0000 UTC",
    "auid": "unset",
    "comm": "systemd-update-utmp",
    "exe": "/usr/lib/systemd/systemd-update-utmp",
    "pid": "273",
    "raw_msg": "audit(1481076983.876:7): pid=273 uid=0 auid=4294967295 ses=4294967295 subj=system_u:system_r:init_t:s0 msg=' comm=\"systemd-update-utmp\" exe=\"/usr/lib/systemd/systemd-update-utmp\" hostname=? addr=? terminal=? res=success'",
    "record_type": "SYSTEM_BOOT",
    "result": "success",
    "sequence": "7",
    "ses": "unset",
    "subj_domain": "init_t",
    "subj_level": "s0",
    "subj_role": "system_r",
    "subj_user": "system_u",
    "uid": "0"
  },
  {
    "@timestamp": "2016-12-07 02:16:32.492 +0000 UTC",
    "auid": "unset",
    "comm": "systemd-update-utmp",
    "exe": "/usr/lib/systemd/systemd-update-utmp",
    "new-level": "3",
    "old-level": "N",
    "pid": "1279",
    "raw_msg": "audit(1481076992.492:390): pid=1279 uid=0 auid=4294967295 ses=4294967295 subj=system_u:system_r:init_t:s0 msg='old-level=N new-level=3 comm=\"systemd-update-utmp\" exe=\"/usr/lib/systemd/systemd-update-utmp\" hostname=? addr=? terminal=? res=success'",
    "record_type": "SYSTEM_RUNLEVEL",
    "result": "success",
    "sequence": "390",
    "ses": "unset",
    "subj_domain": "init_t",
    "subj_level": "s0",
    "subj_role": "system_r",
    "subj_user": "system_u",
    "uid": "0"
  },
  null,
  {
    "@timestamp": "2016-12-07 02:17:23.052 +0000 UTC",
    "acct": "andrew_kroh",
    "addr": "96.241.146.97",
    "auid": "unset",
    "exe": "/usr/sbin/sshd",
    "grantors": "pam_unix,pam_localuser",
    "hostname": "pool-96-241-146-97.washdc.fios.verizon.net",
    "op": "PAM:accounting",
    "pid": "1298",
    "raw_msg": "audit(1481077043.052:410): pid=1298 uid=0 auid=4294967295 ses=4294967295 subj=system_u:system_r:sshd_t:s0-s0:c0.c1023 msg='op=PAM:accounting grantors=pam_unix,pam_localuser acct=\"andrew_kroh\" exe=\"/usr/sbin/sshd\" hostname=pool-96-241-146-97.washdc.fios.verizon.net addr=96.241.146.97 terminal=ssh res=success'",
    "record_type": "USER_ACCT",
    "result": "success",
    "sequence": "410",
    "ses": "unset",
    "subj_category": "c0.c1023",
    "subj_domain": "sshd_t",
    "subj_level": "s0-s0",
    "subj_role": "system_r",
    "subj_user": "system_u",
    "terminal": "ssh",
    "uid": "0"
  },
  {
    "@timestamp": "2016-12-07 02:17:23.046 +0000 UTC",
    "acct": "andrew_kroh",
    "addr": "96.241.146.97",
    "auid": "unset",
    "exe": "/usr/sbin/sshd",
    "op": "pubkey_auth",
    "pid": "1298",
    "raw_msg": "audit(1481077043.046:408): pid=1298 uid=0 auid=4294967295 ses=4294967295 subj=system_u:system_r:sshd_t:s0-s0:c0.c1023 msg='op=pubkey_auth rport=63927 acct=\"andrew_kroh\" exe=\"/usr/sbin/sshd\" hostname=? addr=96.241.146.97 terminal=? res=success'",
    "record_type": "USER_AUTH",
    "result": "success",
    "rport": "63927",
    "sequence": "408",
    "ses": "unset",
    "subj_category": "c0.c1023",
    "subj_domain": "sshd_t",
    "subj_level": "s0-s0",
    "subj_role": "system_r",
    "subj_user": "system_u",
    "uid": "0"
  },
  {
    "@timestamp": "2016-12-07 02:20:31.363 +0000 UTC",
    "auid": "1000",
    "cmd": "./metricbeat -c mb.dev.yml",
    "cwd": "/home/andrew_kroh",
    "pid": "1382",
    "raw_msg": "audit(1481077231.363:475): pid=1382 uid=1000 auid=1000 ses=3 subj=unconfined_u:unconfined_r:unconfined_t:s0-s0:c0.c1023 msg='cwd=\"/home/andrew_kroh\" cmd=2E2F6D657472696362656174202D63206D622E6465762E796D6C terminal=pts/0 res=success'",
    "record_type": "USER_CMD",
    "result": "success",
    "sequence": "475",
    "ses": "3",
    "subj_category": "c0.c1023",
    "subj_domain": "unconfined_t",
    "subj_level": "s0-s0",
    "subj_role": "unconfined_r",
    "subj_user": "unconfined_u",
    "terminal": "pts/0",
    "uid": "1000"
  },
  {
    "@timestamp": "2016-12-07 02:17:29.033 +0000 UTC",
    "auid": "1000",
    "exe": "/usr/sbin/sshd",
    "id": "1000",
    "op": "login",
    "pid": "1298",
    "raw_msg": "audit(1481077049.033:423): pid=1298 uid=0 auid=1000 ses=1 subj=system_u:system_r:sshd_t:s0-s0:c0.c1023 msg='op=login id=1000 exe=\"/usr/sbin/sshd\" hostname=? addr=? terminal=/dev/pts/0 res=success'",
    "record_type": "USER_END",
    "result": "success",
    "sequence": "423",
    "ses": "1",
    "subj_category": "c0.c1023",
    "subj_domain": "sshd_t",
    "subj_level": "s0-s0",
    "subj_role": "system_r",
    "subj_user": "system_u",
    "terminal": "/dev/pts/0",
    "uid": "0"
  },
  {
    "@timestamp": "2017-03-16 05:13:27.587 +0000 UTC",
    "addr": "190.48.233.76",
    "auid": "unset",
    "exe": "/usr/sbin/sshd",
    "hostname": "190.48.233.76",
    "op": "PAM:bad_ident",
    "pid": "1560",
    "raw_msg": "audit(1489641207.587:518): pid=1560 uid=0 auid=4294967295 ses=4294967295 subj=system_u:system_r:sshd_t:s0-s0:c0.c1023 msg='op=PAM:bad_ident grantors=? acct=\"?\" exe=\"/usr/sbin/sshd\" hostname=190.48.233.76 addr=190.48.233.76 terminal=ssh res=failed'",
    "record_type": "USER_ERR",
    "result": "fail",
    "sequence": "518",
    "ses": "unset",
    "subj_category": "c0.c1023",
    "subj_domain": "sshd_t",
    "subj_level": "s0-s0",
    "subj_role": "system_r",
    "subj_user": "system_u",
    "terminal": "ssh",
    "uid": "0"
  },
  {
    "@timestamp": "2016-12-07 02:17:23.193 +0000 UTC",
    "addr": "96.241.146.97",
    "auid": "1000",
    "exe": "/usr/sbin/sshd",
    "hostname": "pool-96-241-146-97.washdc.fios.verizon.net",
    "id": "1000",
    "op": "login",
    "pid": "1298",
    "raw_msg": "audit(1481077043.193:421): pid=1298 uid=0 auid=1000 ses=1 subj=system_u:system_r:sshd_t:s0-s0:c0.c1023 msg='op=login id=1000 exe=\"/usr/sbin/sshd\" hostname=pool-96-241-146-97.washdc.fios.verizon.net addr=96.241.146.97 terminal=/dev/pts/0 res=success'",
    "record_type": "USER_LOGIN",
    "result": "success",
    "sequence": "421",
    "ses": "1",
    "subj_category": "c0.c1023",
    "subj_domain": "sshd_t",
    "subj_level": "s0-s0",
    "subj_role": "system_r",
    "subj_user": "system_u",
    "terminal": "/dev/pts/0",
    "uid": "0"
  },
  {
    "@timestamp": "2016-12-07 02:17:29.033 +0000 UTC",
    "auid": "1000",
    "exe": "/usr/sbin/sshd",
    "id": "1000",
    "op": "login",
    "pid": "1298",
    "raw_msg": "audit(1481077049.033:424): pid=1298 uid=0 auid=1000 ses=1 subj=system_u:system_r:sshd_t:s0-s0:c0.c1023 msg='op=login id=1000 exe=\"/usr/sbin/sshd\" hostname=? addr=? terminal=/dev/pts/0 res=success'",
    "record_type": "USER_LOGOUT",
    "result": "success",
    "sequence": "424",
    "ses": "1",
    "subj_category": "c0.c1023",
    "subj_domain": "sshd_t",
    "subj_level": "s0-s0",
    "subj_role": "system_r",
    "subj_user": "system_u",
    "terminal": "/dev/pts/0",
    "uid": "0"
  },
  {
    "@timestamp": "2016-12-07 02:16:32.521 +0000 UTC",
    "auid": "unset",
    "exe": "/usr/sbin/useradd",
    "id": "1000",
    "op": "add-home-dir",
    "pid": "1264",
    "raw_msg": "audit(1481076992.521:393): pid=1264 uid=0 auid=4294967295 ses=4294967295 subj=system_u:system_r:unconfined_service_t:s0 msg='op=add-home-dir id=1000 exe=\"/usr/sbin/useradd\" hostname=? addr=? terminal=? res=success'",
    "record_type": "USER_MGMT",
    "result": "success",
    "sequence": "393",
    "ses": "unset",
    "subj_domain": "unconfined_service_t",
    "subj_level": "s0",
    "subj_role": "system_r",
    "subj_user": "system_u",
    "uid": "0"
  },
  {
    "@timestamp": "2016-12-07 02:17:23.14 +0000 UTC",
    "addr": "96.241.146.97",
    "auid": "1000",
    "default-context": "unconfined_u:unconfined_r:unconfined_t:s0-s0:c0.c1023",
    "exe": "/usr/sbin/sshd",
    "hostname": "pool-96-241-146-97.washdc.fios.verizon.net",
    "pid": "1298",
    "raw_msg": "audit(1481077043.140:415): pid=1298 uid=0 auid=1000 ses=1 subj=system_u:system_r:sshd_t:s0-s0:c0.c1023 msg='pam: default-context=unconfined_u:unconfined_r:unconfined_t:s0-s0:c0.c1023 selected-context=unconfined_u:unconfined_r:unconfined_t:s0-s0:c0.c1023 exe=\"/usr/sbin/sshd\" hostname=pool-96-241-146-97.washdc.fios.verizon.net addr=96.241.146.97 terminal=ssh res=success'",
    "record_type": "USER_ROLE_CHANGE",
    "result": "success",
    "selected-context": "unconfined_u:unconfined_r:unconfined_t:s0-s0:c0.c1023",
    "sequence": "415",
    "ses": "1",
    "subj_category": "c0.c1023",
    "subj_domain": "sshd_t",
    "subj_level": "s0-s0",
    "subj_role": "system_r",
    "subj_user": "system_u",
    "terminal": "ssh",
    "uid": "0"
  },
  {
    "@timestamp": "2016-12-07 02:17:23.17 +0000 UTC",
    "acct": "andrew_kroh",
    "addr": "96.241.146.97",
    "auid": "1000",
    "exe": "/usr/sbin/sshd",
    "grantors": "pam_selinux,pam_loginuid,pam_selinux,pam_namespace,pam_keyinit,pam_keyinit,pam_limits,pam_systemd,pam_unix,pam_lastlog",
    "hostname": "pool-96-241-146-97.washdc.fios.verizon.net",
    "op": "PAM:session_open",
    "pid": "1298",
    "raw_msg": "audit(1481077043.170:416): pid=1298 uid=0 auid=1000 ses=1 subj=system_u:system_r:sshd_t:s0-s0:c0.c1023 msg='op=PAM:session_open grantors=pam_selinux,pam_loginuid,pam_selinux,pam_namespace,pam_keyinit,pam_keyinit,pam_limits,pam_systemd,pam_unix,pam_lastlog acct=\"andrew_kroh\" exe=\"/usr/sbin/sshd\" hostname=pool-96-241-146-97.washdc.fios.verizon.net addr=96.241.146.97 terminal=ssh res=success'",
    "record_type": "USER_START",
    "result": "success",
    "sequence": "416",
    "ses": "1",
    "subj_category": "c0.c1023",
    "subj_domain": "sshd_t",
    "subj_level": "s0-s0",
    "subj_role": "system_r",
    "subj_user": "system_u",
    "terminal": "ssh",
    "uid": "0"
  },
  {
    "@timestamp": "2016-12-07 02:16:33 +0000 UTC",
    "auid": "unset",
    "exe": "/usr/sbin/hwclock",
    "pid": "1232",
    "raw_msg": "audit(1481076993.000:402): pid=1232 uid=0 auid=4294967295 ses=4294967295 subj=system_u:system_r:unconfined_service_t:s0 msg='changing system time exe=\"/usr/sbin/hwclock\" hostname=? addr=? terminal=? res=success'",
    "record_type": "USYS_CONFIG",
    "result": "success",
    "sequence": "402",
    "ses": "unset",
    "subj_domain": "unconfined_service_t",
    "subj_level": "s0",
    "subj_role": "system_r",
    "subj_user": "system_u",
    "uid": "0"
  },
  {
    "@timestamp": "2017-04-11 15:21:03.55 +0000 UTC",
    "auid": "1000",
    "comm": "bash",
    "data": "ehecho test\rvim /etc/pam.d/password-auth-ac\rman pam_tty_audit\rman pam.d\rvim /etc\u0001sudo \u0005/pamd.sy.m.d/sy\t-a\ta-a\t\rman pam\rtgrep sys/var/lo\tg/me\ts\t | grep pam_tty\rgrep pam_tty /var/log/mes\t\r\u001b[A\u0001sudo \rsudo su\r",
    "major": "136",
    "minor": "0",
    "pid": "27930",
    "raw_msg": "audit(1491924063.550:1065565): tty pid=27930 uid=1000 auid=1000 ses=762 major=136 minor=0 comm=\"bash\" data=65687F7F6563686F20746573740D76696D202F6574632F70616D2E642F70617373776F72642D617574682D61630D6D616E2070616D5F7474795F61756469740D6D616E2070616D2E640D76696D202F657463017375646F20052F70616D642E73797F7F7F7F7F2E7F6D2E642F7379092D6109617F2D61090D6D616E2070616D0D747F67726570207379737F7F7F2F7661722F6C6F09672F6D65097309207C20677265702070616D5F7474790D677265702070616D5F747479202F7661722F6C6F672F6D6573090D1B5B41017375646F200D7375646F2073750D",
    "record_type": "TTY",
    "sequence": "1065565",
    "ses": "762",
    "uid": "1000"
  },
  {
    "@timestamp": "2017-04-11 14:57:51.974 +0000 UTC",
    "auid": "1000",
    "data": "exit",
    "pid": "28202",
    "raw_msg": "audit(1491922671.974:1065045): pid=28202 uid=0 auid=1000 ses=762 subj=unconfined_u:unconfined_r:unconfined_t:s0-s0:c0.c1023 data=\"exit\"",
    "record_type": "USER_TTY",
    "sequence": "1065045",
    "ses": "762",
    "subj_category": "c0.c1023",
    "subj_domain": "unconfined_t",
    "subj_level": "s0-s0",
    "subj_role": "unconfined_r",
    "subj_user": "unconfined_u",
    "uid": "0"
  },
  {
    "@timestamp": "2017-04-11 14:58:01.082 +0000 UTC",
    "auid": "1000",
    "data": "su - andrew_kroh",
    "pid": "28058",
    "raw_msg": "audit(1491922681.082:1065050): pid=28058 uid=0 auid=1000 ses=762 subj=unconfined_u:unconfined_r:unconfined_t:s0-s0:c0.c1023 data=7375202D20616E647265775F6B726F68",
    "record_type": "USER_TTY",
    "sequence": "1065050",
    "ses": "762",
    "subj_category": "c0.c1023",
    "subj_domain": "unconfined_t",
    "subj_level": "s0-s0",
    "subj_role": "unconfined_r",
    "subj_user": "unconfined_u",
    "uid": "0"
  },
  {
    "@timestamp": "2017-04-11 17:16:37.196 +0000 UTC",
    "argc": "4",
    "cmdline": "\"cat\" \"btest=test\" \"-f\" \"regex=8\"",
    "raw_msg": "audit(1491930997.196:1068053): argc=4 a0=\"cat\" a1=\"btest=test\" a2=\"-f\" a3=\"regex=8\"",
    "record_type": "EXECVE",
    "sequence": "1068053"
  },
  {
    "@timestamp": "2017-04-10 22:24:46.221 +0000 UTC",
    "argc": "5",
    "cmdline": "\"grep\" \"--color=auto\" \"-e\" \"[:alpha:]\" \"/etc/passwd\"",
    "raw_msg": "audit(1491863086.221:1050925): argc=5 a0=\"grep\" a1=\"--color=auto\" a2=\"-e\" a3=\"[:alpha:]\" a4=\"/etc/passwd\"",
    "record_type": "EXECVE",
    "sequence": "1050925"
  },
  {
    "@timestamp": "2017-04-11 21:34:31.575 +0000 UTC",
    "argc": "3",
    "cmdline": "\"jq\" \".\" \"{\\n        \\\"dev\\\": \\\"08:01\\\",\\n        \\\"inode\\\": \\\"19549646\\\",\\n        \\\"item\\\": \\\"0\\\",\\n        \\\"mode\\\": \\\"0100775\\\",\\n        \\\"name\\\": \\\"/usr/bin/jq\\\",\\n        \\\"obj\\\": \\\"unconfined_u:object_r:user_home_t:s0\\\",\\n        \\\"objtype\\\": \\\"NORMAL\\\",\\n        \\\"ogid\\\": \\\"1001\\\",\\n        \\\"ouid\\\": \\\"1000\\\",\\n        \\\"raw_message\\\": \\\"audit(1491946296.757:1075834): item=0 name=\\\\\\\"/usr/bin/jq\\\\\\\" inode=19549646 dev=08:01 mode=0100775 ouid=1000 ogid=1001 rdev=00:00 obj=unconfined_u:object_r:user_home_t:s0 objtype=NORMAL\\\",\\n        \\\"rdev\\\": \\\"00:00\\\",\\n        \\\"record_type\\\": \\\"PATH\\\",\\n        \\\"sequence\\\": 1075834\\n      }\"",
    "raw_msg": "audit(1491946471.575:1075898): argc=3 a0=\"jq\" a1=\".\" a2=7B0A202020202020202022646576223A202230383A3031222C0A202020202020202022696E6F6465223A20223139353439363436222C0A2020202020202020226974656D223A202230222C0A2020202020202020226D6F6465223A202230313030373735222C0A2020202020202020226E616D65223A20222F7573722F62696E2F6A71222C0A2020202020202020226F626A223A2022756E636F6E66696E65645F753A6F626A6563745F723A757365725F686F6D655F743A7330222C0A2020202020202020226F626A74797065223A20224E4F524D414C222C0A2020202020202020226F676964223A202231303031222C0A2020202020202020226F756964223A202231303030222C0A2020202020202020227261775F6D657373616765223A2022617564697428313439313934363239362E3735373A31303735383334293A206974656D3D30206E616D653D5C222F7573722F62696E2F6A715C2220696E6F64653D3139353439363436206465763D30383A3031206D6F64653D30313030373735206F7569643D31303030206F6769643D3130303120726465763D30303A3030206F626A3D756E636F6E66696E65645F753A6F626A6563745F723A757365725F686F6D655F743A7330206F626A747970653D4E4F524D414C222C0A20202020202020202272646576223A202230303A3030222C0A2020202020202020227265636F72645F74797065223A202250415448222C0A20202020202020202273657175656E6365223A20313037353833340A2020202020207D",
    "record_type": "EXECVE",
    "sequence": "1075898"
  },
  {
    "@timestamp": "2017-04-12 12:42:20.864 +0000 UTC",
    "a0": "1fde",
    "a1": "1",
    "a2": "0",
    "a3": "8",
    "arch": "x86_64",
    "auid": "1000",
    "comm": "bash",
    "egid": "1001",
    "euid": "1000",
    "exe": "/usr/bin/bash",
    "exit": "0",
    "fsgid": "1001",
    "fsuid": "1000",
    "gid": "1001",
    "items": "0",
    "key": "kill_signals",
    "pid": "8158",
    "ppid": "1",
    "raw_msg": "audit(1492000940.864:1095517): arch=c000003e syscall=62 success=yes exit=0 a0=1fde a1=1 a2=0 a3=8 items=0 ppid=1 pid=8158 auid=1000 uid=1000 gid=1001 euid=1000 suid=1000 fsuid=1000 egid=1001 sgid=1001 fsgid=1001 tty=(none) ses=790 comm=\"bash\" exe=\"/usr/bin/bash\" subj=unconfined_u:unconfined_r:unconfined_t:s0-s0:c0.c1023 key=\"kill_signals\"",
    "record_type": "SYSCALL",
    "result": "success",
    "sequence": "1095517",
    "ses": "790",
    "sgid": "1001",
    "subj_category": "c0.c1023",
    "subj_domain": "unconfined_t",
    "subj_level": "s0-s0",
    "subj_role": "unconfined_r",
    "subj_user": "unconfined_u",
    "suid": "1000",
    "syscall": "kill",
    "tty": "(none)",
    "uid": "1000"
  }
]
