{
  "@timestamp": "2017-04-20T00:35:20.473Z",
  "sequence": 4678,
  "category": "configuration",
  "record_type": "netfilter_cfg",
  "result": "success",
  "session": "unset",
  "actor": {
    "primary": "unset",
    "secondary": "0",
    "attrs": {
      "egid": "0",
      "euid": "0",
      "fsgid": "0",
      "fsuid": "0",
      "gid": "0",
      "sgid": "0",
      "suid": "0"
    }
  },
  "thing": {
    "primary": "filter"
  },
  "action": "loaded-firewall-rule-to",
  "data": {
    "a0": "4",
    "a1": "0",
    "a2": "40",
    "a3": "562bf7914100",
    "arch": "x86_64",
    "comm": "iptables",
    "entries": "7",
    "exe": "/sbin/xtables-multi",
    "exit": "0",
    "family": "2",
    "pid": "9709",
    "ppid": "9708",
    "proctitle": "/sbin/iptables",
    "syscall": "setsockopt",
    "table": "filter",
    "tty": "(none)"
  }
}
